src/modules/auth/auth.controller.ts(24,33): error TS2307: Cannot find module 'src/common/guards/google.guard' or its corresponding type declarations.
src/modules/auth/auth.controller.ts(25,30): error TS2307: Cannot find module 'src/common/guards/jwt.guard' or its corresponding type declarations.
src/modules/auth/auth.controller.ts(26,35): error TS2307: Cannot find module 'src/common/guards/refresh-token.guard' or its corresponding type declarations.
src/modules/auth/auth.controller.ts(27,42): error TS2307: Cannot find module 'src/common/decorator/globalFileInterceptor.decorator' or its corresponding type declarations.
src/modules/auth/auth.service.ts(12,30): error TS2307: Cannot find module 'src/modules/users/users.service' or its corresponding type declarations.
src/modules/auth/auth.service.ts(13,29): error TS2307: Cannot find module 'src/modules/mail/mail.service' or its corresponding type declarations.
src/modules/auth/auth.service.ts(14,37): error TS2307: Cannot find module 'src/modules/notifications/notifications.service' or its corresponding type declarations.
src/modules/auth/auth.service.ts(15,35): error TS2307: Cannot find module 'src/modules/file-upload/file-upload.service' or its corresponding type declarations.
src/modules/auth/auth.service.ts(16,28): error TS2307: Cannot find module 'src/common/interface/jwtPayload.interface' or its corresponding type declarations.
src/modules/auth/auth.service.ts(17,28): error TS2307: Cannot find module 'src/common/enum/user.status.enum' or its corresponding type declarations.
src/modules/auth/auth.service.ts(18,22): error TS2307: Cannot find module 'src/common/enum/user_role.enum' or its corresponding type declarations.
src/modules/auth/auth.service.ts(19,30): error TS2307: Cannot find module 'src/modules/users/schema/user.schema' or its corresponding type declarations.
src/modules/auth/auth.service.ts(23,8): error TS2307: Cannot find module 'src/modules/users/schema/token-blacklist.schema' or its corresponding type declarations.
src/modules/auth/auth.service.ts(33,34): error TS2307: Cannot find module 'src/common/enum/notification_type.enum' or its corresponding type declarations.
src/modules/auth/auth.service.ts(34,38): error TS2307: Cannot find module 'src/modules/notifications/schema/notification.schema' or its corresponding type declarations.
